// Jest Snapshot v1, https://goo.gl/fbAQLP

exports[`DetailedRecipe should render the recipe correctly 1`] = `
ShallowWrapper {
  "complexSelector": ComplexSelector {
    "buildPredicate": [Function],
    "childrenOfNode": [Function],
    "findWhereUnwrapped": [Function],
  },
  "length": 1,
  "node": <div>
    <Link
        replace={false}
        to="/recipes"
    >
        Return to list
    </Link>
    <Recipe
        recipe={undefined}
    />
</div>,
  "nodes": Array [
    <div>
      <Link
            replace={false}
            to="/recipes"
      >
            Return to list
      </Link>
      <Recipe
            recipe={undefined}
      />
</div>,
  ],
  "options": Object {},
  "renderer": ReactShallowRenderer {
    "_instance": ShallowComponentWrapper {
      "_calledComponentWillUnmount": false,
      "_compositeType": 0,
      "_context": Object {},
      "_currentElement": <DetailedRecipe />,
      "_debugID": 1,
      "_hostContainerInfo": null,
      "_hostParent": null,
      "_instance": DetailedRecipe {
        "_reactInternalInstance": [Circular],
        "context": Object {},
        "props": Object {},
        "refs": Object {},
        "state": Object {
          "recipe": undefined,
        },
        "updater": Object {
          "enqueueCallback": [Function],
          "enqueueCallbackInternal": [Function],
          "enqueueElementInternal": [Function],
          "enqueueForceUpdate": [Function],
          "enqueueReplaceState": [Function],
          "enqueueSetState": [Function],
          "isMounted": [Function],
          "validateCallback": [Function],
        },
      },
      "_mountOrder": 1,
      "_pendingCallbacks": null,
      "_pendingElement": null,
      "_pendingForceUpdate": false,
      "_pendingReplaceState": false,
      "_pendingStateQueue": null,
      "_renderedComponent": NoopInternalComponent {
        "_currentElement": <div>
          <Link
                    replace={false}
                    to="/recipes"
          >
                    Return to list
          </Link>
          <Recipe
                    recipe={undefined}
          />
</div>,
        "_debugID": 2,
        "_renderedOutput": <div>
          <Link
                    replace={false}
                    to="/recipes"
          >
                    Return to list
          </Link>
          <Recipe
                    recipe={undefined}
          />
</div>,
      },
      "_renderedNodeType": 0,
      "_rootNodeID": 0,
      "_topLevelWrapper": null,
      "_updateBatchNumber": null,
      "_warnedAboutRefsInRender": false,
    },
    "getRenderOutput": [Function],
    "render": [Function],
  },
  "root": [Circular],
  "unrendered": <DetailedRecipe />,
}
`;
