// Jest Snapshot v1, https://goo.gl/fbAQLP

exports[`List should render all the recipes correctly 1`] = `
ShallowWrapper {
  "complexSelector": ComplexSelector {
    "buildPredicate": [Function],
    "childrenOfNode": [Function],
    "findWhereUnwrapped": [Function],
  },
  "length": 1,
  "node": <div>
    <CardGroup>
        <Link
            className="card"
            replace={false}
            to="/recipe/1"
        >
            <Recipe
                recipe={
                    Object {
                        "id": "1",
                        "ingredients": Array [
                          Object {
                            "name": "steak",
                            "quantity": "3",
                          },
                        ],
                      }
                }
            />
        </Link>
        <Link
            className="card"
            replace={false}
            to="/recipe/2"
        >
            <Recipe
                recipe={
                    Object {
                        "id": "2",
                        "ingredients": Array [
                          Object {
                            "name": "chicken",
                            "quantity": "2",
                          },
                        ],
                      }
                }
            />
        </Link>
    </CardGroup>
</div>,
  "nodes": Array [
    <div>
      <CardGroup>
            <Link
                  className="card"
                  replace={false}
                  to="/recipe/1"
            >
                  <Recipe
                        recipe={
                              Object {
                                    "id": "1",
                                    "ingredients": Array [
                                      Object {
                                        "name": "steak",
                                        "quantity": "3",
                                      },
                                    ],
                                  }
                        }
                  />
            </Link>
            <Link
                  className="card"
                  replace={false}
                  to="/recipe/2"
            >
                  <Recipe
                        recipe={
                              Object {
                                    "id": "2",
                                    "ingredients": Array [
                                      Object {
                                        "name": "chicken",
                                        "quantity": "2",
                                      },
                                    ],
                                  }
                        }
                  />
            </Link>
      </CardGroup>
</div>,
  ],
  "options": Object {},
  "renderer": ReactShallowRenderer {
    "_instance": ShallowComponentWrapper {
      "_calledComponentWillUnmount": false,
      "_compositeType": 2,
      "_context": Object {},
      "_currentElement": <List
        recipes={
                Array [
                        Object {
                          "id": "1",
                          "ingredients": Array [
                            Object {
                              "name": "steak",
                              "quantity": "3",
                            },
                          ],
                        },
                        Object {
                          "id": "2",
                          "ingredients": Array [
                            Object {
                              "name": "chicken",
                              "quantity": "2",
                            },
                          ],
                        },
                      ]
        }
/>,
      "_debugID": 1,
      "_hostContainerInfo": null,
      "_hostParent": null,
      "_instance": StatelessComponent {
        "_reactInternalInstance": [Circular],
        "context": Object {},
        "props": Object {
          "recipes": Array [
            Object {
              "id": "1",
              "ingredients": Array [
                Object {
                  "name": "steak",
                  "quantity": "3",
                },
              ],
            },
            Object {
              "id": "2",
              "ingredients": Array [
                Object {
                  "name": "chicken",
                  "quantity": "2",
                },
              ],
            },
          ],
        },
        "refs": Object {},
        "state": null,
        "updater": Object {
          "enqueueCallback": [Function],
          "enqueueCallbackInternal": [Function],
          "enqueueElementInternal": [Function],
          "enqueueForceUpdate": [Function],
          "enqueueReplaceState": [Function],
          "enqueueSetState": [Function],
          "isMounted": [Function],
          "validateCallback": [Function],
        },
      },
      "_mountOrder": 1,
      "_pendingCallbacks": null,
      "_pendingElement": null,
      "_pendingForceUpdate": false,
      "_pendingReplaceState": false,
      "_pendingStateQueue": null,
      "_renderedComponent": NoopInternalComponent {
        "_currentElement": <div>
          <CardGroup>
                    <Link
                              className="card"
                              replace={false}
                              to="/recipe/1"
                    >
                              <Recipe
                                        recipe={
                                                  Object {
                                                            "id": "1",
                                                            "ingredients": Array [
                                                              Object {
                                                                "name": "steak",
                                                                "quantity": "3",
                                                              },
                                                            ],
                                                          }
                                        }
                              />
                    </Link>
                    <Link
                              className="card"
                              replace={false}
                              to="/recipe/2"
                    >
                              <Recipe
                                        recipe={
                                                  Object {
                                                            "id": "2",
                                                            "ingredients": Array [
                                                              Object {
                                                                "name": "chicken",
                                                                "quantity": "2",
                                                              },
                                                            ],
                                                          }
                                        }
                              />
                    </Link>
          </CardGroup>
</div>,
        "_debugID": 2,
        "_renderedOutput": <div>
          <CardGroup>
                    <Link
                              className="card"
                              replace={false}
                              to="/recipe/1"
                    >
                              <Recipe
                                        recipe={
                                                  Object {
                                                            "id": "1",
                                                            "ingredients": Array [
                                                              Object {
                                                                "name": "steak",
                                                                "quantity": "3",
                                                              },
                                                            ],
                                                          }
                                        }
                              />
                    </Link>
                    <Link
                              className="card"
                              replace={false}
                              to="/recipe/2"
                    >
                              <Recipe
                                        recipe={
                                                  Object {
                                                            "id": "2",
                                                            "ingredients": Array [
                                                              Object {
                                                                "name": "chicken",
                                                                "quantity": "2",
                                                              },
                                                            ],
                                                          }
                                        }
                              />
                    </Link>
          </CardGroup>
</div>,
      },
      "_renderedNodeType": 0,
      "_rootNodeID": 0,
      "_topLevelWrapper": null,
      "_updateBatchNumber": null,
      "_warnedAboutRefsInRender": false,
    },
    "getRenderOutput": [Function],
    "render": [Function],
  },
  "root": [Circular],
  "unrendered": <List
    recipes={
        Array [
            Object {
              "id": "1",
              "ingredients": Array [
                Object {
                  "name": "steak",
                  "quantity": "3",
                },
              ],
            },
            Object {
              "id": "2",
              "ingredients": Array [
                Object {
                  "name": "chicken",
                  "quantity": "2",
                },
              ],
            },
          ]
    }
/>,
}
`;
